// Jest Snapshot v1, https://goo.gl/fbAQLP

exports[`App should match the snapshot 1`] = `
<main>
  <div
    className="not-found-page"
  >
    <h1>
      404 - Page Not Found
    </h1>
  </div>
</main>
`;
